Command line invocation:
    /Applications/Xcode.app/Contents/Developer/usr/bin/xcodebuild build -scheme CharadesTiltGuess -destination "platform=iOS Simulator,name=iPhone 15 Pro,OS=latest"

2026-06-26 21:59:21.482 xcodebuild[94046:6809934] Writing error result bundle to /var/folders/t2/mhxdh_sd0x5_rq8szfh9zql80000gn/T/ResultBundle_2026-26-06_21-59-0021.xcresult
xcodebuild: error: Unable to find a device matching the provided destination specifier:
		{ platform:iOS Simulator, OS:latest, name:iPhone 15 Pro }

	The requested device could not be found because no available devices matched the request.

	Available destinations for the "CharadesTiltGuess" scheme:
		{ platform:macOS, arch:arm64, variant:Designed for [iPad,iPhone], id:00008122-000A1100017A001C, name:My Mac }
		{ platform:iOS, arch:arm64, id:00008101-00142DA101A1001E, name:Hyder’s iPhone }
		{ platform:iOS, id:dvtdevice-DVTiPhonePlaceholder-iphoneos:placeholder, name:Any iOS Device }
		{ platform:iOS Simulator, id:dvtdevice-DVTiOSDeviceSimulatorPlaceholder-iphonesimulator:placeholder, name:Any iOS Simulator Device }
		{ platform:iOS Simulator, arch:arm64, id:6F4B845F-1063-4A7D-AD70-E760634E83A7, OS:18.6, name:iPad (A16) }
		{ platform:iOS Simulator, arch:x86_64, id:6F4B845F-1063-4A7D-AD70-E760634E83A7, OS:18.6, name:iPad (A16) }
		{ platform:iOS Simulator, arch:arm64, id:C86859A7-388C-4E37-AF01-357A22E56CE6, OS:26.5, name:iPad (A16) }
		{ platform:iOS Simulator, arch:arm64, id:1C0CF5B7-E511-465A-9886-C9BC52F4D081, OS:18.6, name:iPad Air 11-inch (M3) }
		{ platform:iOS Simulator, arch:x86_64, id:1C0CF5B7-E511-465A-9886-C9BC52F4D081, OS:18.6, name:iPad Air 11-inch (M3) }
		{ platform:iOS Simulator, arch:arm64, id:6DD6D554-5F9D-4C89-B5F2-3D2DE8F0A276, OS:26.5, name:iPad Air 11-inch (M4) }
		{ platform:iOS Simulator, arch:arm64, id:9BDEBA12-E495-429A-8322-328ED48EA185, OS:18.6, name:iPad Air 13-inch (M3) }
		{ platform:iOS Simulator, arch:x86_64, id:9BDEBA12-E495-429A-8322-328ED48EA185, OS:18.6, name:iPad Air 13-inch (M3) }
		{ platform:iOS Simulator, arch:arm64, id:B59FE415-5132-43C7-9B09-4A7EF50D057C, OS:26.5, name:iPad Air 13-inch (M4) }
		{ platform:iOS Simulator, arch:arm64, id:C96128BE-F515-45DB-AC81-7BAED3C616BE, OS:18.6, name:iPad Pro 11-inch (M4) }
		{ platform:iOS Simulator, arch:x86_64, id:C96128BE-F515-45DB-AC81-7BAED3C616BE, OS:18.6, name:iPad Pro 11-inch (M4) }
		{ platform:iOS Simulator, arch:arm64, id:6DB31365-5404-48CB-9D4C-3871339C5398, OS:26.5, name:iPad Pro 11-inch (M5) }
		{ platform:iOS Simulator, arch:arm64, id:15CAFCAC-EAB7-406E-9C74-CBE459CD3928, OS:18.6, name:iPad Pro 13-inch (M4) }
		{ platform:iOS Simulator, arch:x86_64, id:15CAFCAC-EAB7-406E-9C74-CBE459CD3928, OS:18.6, name:iPad Pro 13-inch (M4) }
		{ platform:iOS Simulator, arch:arm64, id:C3F2E335-C1E2-40F1-B7B0-FD036D0DBDF9, OS:26.5, name:iPad Pro 13-inch (M5) }
		{ platform:iOS Simulator, arch:arm64, id:1A952536-D0DF-4FA0-8D2E-08A2C34EA2B3, OS:18.6, name:iPad mini (A17 Pro) }
		{ platform:iOS Simulator, arch:x86_64, id:1A952536-D0DF-4FA0-8D2E-08A2C34EA2B3, OS:18.6, name:iPad mini (A17 Pro) }
		{ platform:iOS Simulator, arch:arm64, id:C1EB1E33-9D5C-4666-ADF7-A8ECF2DA1B4C, OS:26.5, name:iPad mini (A17 Pro) }
		{ platform:iOS Simulator, arch:arm64, id:557D1E16-6ADC-451B-BEF4-5B76F760AB09, OS:18.6, name:iPhone 16 }
		{ platform:iOS Simulator, arch:x86_64, id:557D1E16-6ADC-451B-BEF4-5B76F760AB09, OS:18.6, name:iPhone 16 }
		{ platform:iOS Simulator, arch:arm64, id:4CFF1FD2-7C59-4F22-BEF9-CD0CC4563F25, OS:18.6, name:iPhone 16 Plus }
		{ platform:iOS Simulator, arch:x86_64, id:4CFF1FD2-7C59-4F22-BEF9-CD0CC4563F25, OS:18.6, name:iPhone 16 Plus }
		{ platform:iOS Simulator, arch:arm64, id:9533540B-C3FB-419A-8137-E26CCB48B39A, OS:18.6, name:iPhone 16 Pro }
		{ platform:iOS Simulator, arch:x86_64, id:9533540B-C3FB-419A-8137-E26CCB48B39A, OS:18.6, name:iPhone 16 Pro }
		{ platform:iOS Simulator, arch:arm64, id:B7BDCC7B-BFB7-4E3C-B572-C3DB6F9FFCA0, OS:18.6, name:iPhone 16 Pro Max }
		{ platform:iOS Simulator, arch:x86_64, id:B7BDCC7B-BFB7-4E3C-B572-C3DB6F9FFCA0, OS:18.6, name:iPhone 16 Pro Max }
		{ platform:iOS Simulator, arch:arm64, id:D0884952-1B4E-42B5-A1AF-97A4C1D75BDE, OS:18.6, name:iPhone 16e }
		{ platform:iOS Simulator, arch:x86_64, id:D0884952-1B4E-42B5-A1AF-97A4C1D75BDE, OS:18.6, name:iPhone 16e }
		{ platform:iOS Simulator, arch:arm64, id:31D298DC-6EB7-4001-A5DC-9C152B7F6CC1, OS:26.5, name:iPhone 17 }
		{ platform:iOS Simulator, arch:arm64, id:8C927F68-7CB4-48E0-A593-EA1429B08490, OS:26.5, name:iPhone 17 Pro }
		{ platform:iOS Simulator, arch:arm64, id:D36C5004-F5D6-4420-B345-586DEC9FB1B7, OS:26.5, name:iPhone 17 Pro Max }
		{ platform:iOS Simulator, arch:arm64, id:E437C272-B336-4985-BD6A-AA4554A05BFF, OS:26.5, name:iPhone 17e }
		{ platform:iOS Simulator, arch:arm64, id:B7ED6914-F385-41D1-BF32-393A8ED7D21C, OS:26.5, name:iPhone Air }
